// Jest Snapshot v1, https://goo.gl/fbAQLP

exports[`HomeHowItWorks.vue renders html correctly 1`] = `
"<div class=\\"home_how_it_works\\">
  <div class=\\"how_it_works_label\\">How It Works</div>
  <div class=\\"how_it_works_content\\">
    <div class=\\"how_it_works_description\\">Twitterでフォローしている友達がシェアしたツイートに基づいて、イベント情報を発見します</div>
    <div class=\\"how_it_works_picture\\"><img src=\\"@/assets/how_it_works_picture.png\\"></div>
  </div>
</div>"
`;
